// Jest Snapshot v1, https://goo.gl/fbAQLP

exports[`App should render and match snapshot with required props 1`] = `
<div
  className="chakra-container css-f91va8"
>
  <div
    className="css-s13uex"
  >
    <div
      className="chakra-linkbox css-10n1vic"
    >
      <a
        className="chakra-linkbox__overlay css-1hnz6hu"
        href="/categorie/1/products?page=1"
        onClick={[Function]}
        onMouseEnter={[Function]}
      >
        <h3>
          __FIRST_NAME__
        </h3>
        <span
          style={
            Object {
              "backgroundColor": "hsl(214,100%,50%)",
            }
          }
        />
      </a>
    </div>
    <div
      className="chakra-linkbox css-10n1vic"
    >
      <a
        className="chakra-linkbox__overlay css-1hnz6hu"
        href="/categorie/2/products?page=1"
        onClick={[Function]}
        onMouseEnter={[Function]}
      >
        <h3>
          __SECOND_NAME__
        </h3>
        <span
          style={
            Object {
              "backgroundColor": "hsl(214,100%,50%)",
            }
          }
        />
      </a>
    </div>
  </div>
</div>
`;
