// Jest Snapshot v1, https://goo.gl/fbAQLP

exports[`ContentHeaderSubtitle should render and match snapshot with required props 1`] = `
<div
  className="css-70qvj9"
>
  <p
    className="chakra-text css-1bmfkgj"
  >
    Nuevo
  </p>
  <p
    className="chakra-text css-kiw2af"
  >
    | 500 Vendidos
  </p>
</div>
`;
